<html>
<body>
<pre>
<h1>µVision Build Log</h1>
<h2>Tool Versions:</h2>
IDE-Version: µVision V5.21.1.0
Copyright (C) 2016 ARM Ltd and ARM Germany GmbH. All rights reserved.
License Information: Med Chaouki Chamsi, insat, LIC=----
 
Tool Versions:
Toolchain:       MDK-Lite  Version: 5.21a
Toolchain Path:  G:\keil\ARM\ARMCC\Bin
C Compiler:      Armcc.exe V5.06 update 3 (build 300)
Assembler:       Armasm.exe V5.06 update 3 (build 300)
Linker/Locator:  ArmLink.exe V5.06 update 3 (build 300)
Library Manager: ArmAr.exe V5.06 update 3 (build 300)
Hex Converter:   FromElf.exe V5.06 update 3 (build 300)
CPU DLL:         SARMCM3.DLL V5.21a
Dialog DLL:      DCM.DLL V1.13.8.0
    Target DLL: STLink\ST-LINKIII-KEIL.dll
Dialog DLL:      TCM.DLL V1.14.14.0
 
<h2>Project:</h2>
G:\STM32 docs\en.stsw-stm32068\STM32F4-Discovery_FW_V1.1.0\Project\Peripheral_Examples\IO_Toggle\MDK-ARM\IO_Toggle.uvprojx
Project File Date:  10/14/2016

<h2>Output:</h2>
*** Using Compiler 'V5.06 update 3 (build 300)', folder: 'G:\keil\ARM\ARMCC\Bin'
Rebuild Project 'IO_Toggle' - Target 'IO_Toggle'
compiling system_stm32f4xx.c...
compiling stm32f4xx_it.c...
compiling main.c...
compiling misc.c...
compiling stm32f4_discovery.c...
compiling stm32f4xx_rcc.c...
compiling stm32f4xx_exti.c...
compiling stm32f4xx_gpio.c...
compiling stm32f4xx_syscfg.c...
assembling startup_stm32f4xx.s...
linking...
Program Size: Code=764 RO-data=424 RW-data=8 ZI-data=1024  
".\IO_Toggle\IO_Toggle.axf" - 0 Error(s), 0 Warning(s).

<h2>Software Packages used:</h2>

Package Vendor: ARM
                http://www.keil.com/pack/ARM.CMSIS.5.0.0-Beta12.pack
                ARM::CMSIS:CORE:5.0.0
                CMSIS (Cortex Microcontroller Software Interface Standard)
   * Component: CORE Version: 5.0.0

<h2>Collection of Component include folders:</h2>
  G:\STM32 docs\en.stsw-stm32068\STM32F4-Discovery_FW_V1.1.0\Project\Peripheral_Examples\IO_Toggle\MDK-ARM\RTE
  G:\keil\ARM\PACK\ARM\CMSIS\5.0.0-Beta12\CMSIS\Include
  G:\keil\ARM\PACK\Keil\STM32F4xx_DFP\2.10.0\Drivers\CMSIS\Device\ST\STM32F4xx\Include

<h2>Collection of Component Files used:</h2>

   * Component: ARM::CMSIS:CORE:5.0.0
Build Time Elapsed:  00:00:08
</pre>
</body>
</html>
